// Jest Snapshot v1, https://goo.gl/fbAQLP

exports[`Document AI it should extract data from document.entities 1`] = `
[
  {
    "firstName": {
      "confidence": 1,
      "value": "serge",
    },
    "lastName": {
      "confidence": 1,
      "value": "siritzky",
    },
    "page": 1,
  },
  {
    "birthDate": {
      "confidence": 1,
      "value": "11/12/1955",
    },
    "examinationDate": {
      "confidence": 1,
      "value": "5/4/2024",
    },
    "firstName": {
      "confidence": 1,
      "value": "daniel",
    },
    "lastName": {
      "confidence": 1,
      "value": "leroy sismondino",
    },
    "medicalExamination": {
      "confidence": 1,
      "value": "echographie cardiaque trans-thoracique",
    },
    "page": 2,
  },
  {
    "birthDate": {
      "confidence": 1,
      "value": "28/11/1952",
    },
    "examinationDate": {
      "confidence": 1,
      "value": "6/2/2024",
    },
    "firstName": {
      "confidence": 1,
      "value": "faouzi",
    },
    "lastName": {
      "confidence": 1,
      "value": "elmai,",
    },
    "medicalExamination": {
      "confidence": 0.1666666716337204,
      "value": "compte rendu",
    },
    "page": 3,
  },
  {
    "birthDate": {
      "confidence": 1,
      "value": "11/12/1955",
    },
    "examinationDate": {
      "confidence": 1,
      "value": "3/4/2024",
    },
    "firstName": {
      "confidence": 1,
      "value": "daniel",
    },
    "lastName": {
      "confidence": 1,
      "value": "leroy sismondino",
    },
    "medicalExamination": {
      "confidence": 0.5,
      "value": "coronarographie et angiop√≠astie",
    },
    "page": 4,
  },
  {
    "birthDate": {
      "confidence": 0.6666666865348816,
      "value": "28/11/1952",
    },
    "examinationDate": {
      "confidence": 0.3333333432674408,
      "value": "17/2/2024",
    },
    "firstName": {
      "confidence": 1,
      "value": "faouzi",
    },
    "lastName": {
      "confidence": 1,
      "value": "elmai",
    },
    "medicalExamination": {
      "confidence": 0.3333333432674408,
      "value": "compte-rendu d'hospitalisation prise en charge avc",
    },
    "page": 5,
  },
  {
    "birthDate": {
      "confidence": 1,
      "value": "27/2/1964",
    },
    "examinationDate": {
      "confidence": 1,
      "value": "27/2/2024",
    },
    "firstName": {
      "confidence": 1,
      "value": "laurence",
    },
    "lastName": {
      "confidence": 1,
      "value": "guillet",
    },
    "medicalExamination": {
      "confidence": 1,
      "value": "echotomographie thyroidienne et cervicale",
    },
    "page": 6,
  },
  {
    "birthDate": {
      "confidence": 1,
      "value": "27/2/1964",
    },
    "examinationDate": {
      "confidence": 1,
      "value": "27/2/2024",
    },
    "firstName": {
      "confidence": 1,
      "value": "laurence",
    },
    "lastName": {
      "confidence": 1,
      "value": "guillet",
    },
    "medicalExamination": {
      "confidence": 1,
      "value": "echotomographie thyroidienne et cervicale",
    },
    "page": 7,
  },
  {
    "birthDate": {
      "confidence": 1,
      "value": "5/1/1952",
    },
    "firstName": {
      "confidence": 1,
      "value": "jean pierre",
    },
    "lastName": {
      "confidence": 1,
      "value": "avoignat",
    },
    "page": 8,
  },
  {
    "birthDate": {
      "confidence": 1,
      "value": "27/2/1964",
    },
    "examinationDate": {
      "confidence": 1,
      "value": "27/2/2024",
    },
    "firstName": {
      "confidence": 1,
      "value": "laurence",
    },
    "lastName": {
      "confidence": 1,
      "value": "guillet",
    },
    "medicalExamination": {
      "confidence": 1,
      "value": "echotomographie thyroidienne et cervicale",
    },
    "page": 9,
  },
  {
    "birthDate": {
      "confidence": 1,
      "value": "27/2/1964",
    },
    "examinationDate": {
      "confidence": 1,
      "value": "27/2/2024",
    },
    "firstName": {
      "confidence": 1,
      "value": "laurence",
    },
    "lastName": {
      "confidence": 1,
      "value": "guillet",
    },
    "medicalExamination": {
      "confidence": 1,
      "value": "echotomographie thyroidienne et cervicale",
    },
    "page": 10,
  },
]
`;
